Archive member included to satisfy reference by file (symbol)

/opt/ps4sdk/libPS4/libPS4.a(payload_utils.o)
                              build/main.o (jailbreak)
/opt/ps4sdk/libPS4/libPS4.a(file.o)
                              /opt/ps4sdk/libPS4/libPS4.a(payload_utils.o) (read)
/opt/ps4sdk/libPS4/libPS4.a(sysutil.o)
                              build/main.o (initSysUtil)
/opt/ps4sdk/libPS4/libPS4.a(module.o)
                              /opt/ps4sdk/libPS4/libPS4.a(sysutil.o) (getFunctionAddressByName)
/opt/ps4sdk/libPS4/libPS4.a(memory.o)
                              /opt/ps4sdk/libPS4/libPS4.a(payload_utils.o) (mmap)
/opt/ps4sdk/libPS4/libPS4.a(debug.o)
                              build/main.o (DEBUG_SOCK)
/opt/ps4sdk/libPS4/libPS4.a(libc.o)
                              build/main.o (initLibc)
/opt/ps4sdk/libPS4/libPS4.a(network.o)
                              build/main.o (SckSend)
/opt/ps4sdk/libPS4/libPS4.a(kernel.o)
                              /opt/ps4sdk/libPS4/libPS4.a(payload_utils.o) (kexec)
/opt/ps4sdk/libPS4/libPS4.a(syscall.o)
                              build/main.o (syscall)

Merging program properties

Removed property 0xc0000002 to merge build/main.o (0x3) and /tmp/ccgruK8T.o (not found)
Removed property 0xc0000002 to merge build/main.o (not found) and /opt/ps4sdk/libPS4/libPS4.a(payload_utils.o) (0x3)
Removed property 0xc0000002 to merge build/main.o (not found) and /opt/ps4sdk/libPS4/libPS4.a(file.o) (0x3)
Removed property 0xc0000002 to merge build/main.o (not found) and /opt/ps4sdk/libPS4/libPS4.a(sysutil.o) (0x3)
Removed property 0xc0000002 to merge build/main.o (not found) and /opt/ps4sdk/libPS4/libPS4.a(module.o) (0x3)
Removed property 0xc0000002 to merge build/main.o (not found) and /opt/ps4sdk/libPS4/libPS4.a(memory.o) (0x3)
Removed property 0xc0000002 to merge build/main.o (not found) and /opt/ps4sdk/libPS4/libPS4.a(debug.o) (0x3)
Removed property 0xc0000002 to merge build/main.o (not found) and /opt/ps4sdk/libPS4/libPS4.a(libc.o) (0x3)
Removed property 0xc0000002 to merge build/main.o (not found) and /opt/ps4sdk/libPS4/libPS4.a(network.o) (0x3)
Removed property 0xc0000002 to merge build/main.o (not found) and /opt/ps4sdk/libPS4/libPS4.a(kernel.o) (0x3)

Allocating common symbols
Common symbol       size              file

strcpy              0x8               /opt/ps4sdk/libPS4/libPS4.a(libc.o)
asctime             0x8               /opt/ps4sdk/libPS4/libPS4.a(libc.o)
libc                0x4               /opt/ps4sdk/libPS4/libPS4.a(libc.o)
sceKernelGettimeofday
                    0x8               /opt/ps4sdk/libPS4/libPS4.a(kernel.o)
sceSysmoduleLoadModule
                    0x8               /opt/ps4sdk/libPS4/libPS4.a(module.o)
getgid              0x8               /opt/ps4sdk/libPS4/libPS4.a(kernel.o)
sceUserServiceInitialize
                    0x8               /opt/ps4sdk/libPS4/libPS4.a(sysutil.o)
strerror            0x8               /opt/ps4sdk/libPS4/libPS4.a(libc.o)
memmove             0x8               /opt/ps4sdk/libPS4/libPS4.a(libc.o)
snprintf            0x8               /opt/ps4sdk/libPS4/libPS4.a(libc.o)
strncpy_s           0x8               /opt/ps4sdk/libPS4/libPS4.a(libc.o)
libKernelHandle     0x4               /opt/ps4sdk/libPS4/libPS4.a(kernel.o)
__stack_chk_guard   0x8               /opt/ps4sdk/libPS4/libPS4.a(kernel.o)
sceKernelGetDirectMemorySize
                    0x8               /opt/ps4sdk/libPS4/libPS4.a(kernel.o)
ceil                0x8               /opt/ps4sdk/libPS4/libPS4.a(libc.o)
sceNetCtlInit       0x8               /opt/ps4sdk/libPS4/libPS4.a(network.o)
sceNetHtonll        0x8               /opt/ps4sdk/libPS4/libPS4.a(network.o)
execve              0x8               /opt/ps4sdk/libPS4/libPS4.a(kernel.o)
getpid              0x8               /opt/ps4sdk/libPS4/libPS4.a(kernel.o)
sceNetNtohll        0x8               /opt/ps4sdk/libPS4/libPS4.a(network.o)
sceKernelSleep      0x8               /opt/ps4sdk/libPS4/libPS4.a(kernel.o)
memcpy              0x8               /opt/ps4sdk/libPS4/libPS4.a(libc.o)
sceKernelGetCurrentCpu
                    0x8               /opt/ps4sdk/libPS4/libPS4.a(kernel.o)
sceNetCtlGetInfo    0x8               /opt/ps4sdk/libPS4/libPS4.a(network.o)
seekdir             0x8               /opt/ps4sdk/libPS4/libPS4.a(libc.o)
sceKernelDeleteEqueue
                    0x8               /opt/ps4sdk/libPS4/libPS4.a(kernel.o)
sceKernelGetCpuTemperature
                    0x8               /opt/ps4sdk/libPS4/libPS4.a(kernel.o)
getuid              0x8               /opt/ps4sdk/libPS4/libPS4.a(kernel.o)
rewinddir           0x8               /opt/ps4sdk/libPS4/libPS4.a(libc.o)
malloc              0x8               /opt/ps4sdk/libPS4/libPS4.a(libc.o)
sceNetInetNtop      0x8               /opt/ps4sdk/libPS4/libPS4.a(network.o)
libModule           0x4               /opt/ps4sdk/libPS4/libPS4.a(module.o)
readdir_r           0x8               /opt/ps4sdk/libPS4/libPS4.a(libc.o)
sceNetSocket        0x8               /opt/ps4sdk/libPS4/libPS4.a(network.o)
getprogname         0x8               /opt/ps4sdk/libPS4/libPS4.a(libc.o)
readdir             0x8               /opt/ps4sdk/libPS4/libPS4.a(libc.o)
sceSysUtilSendSystemNotificationWithText
                    0x8               /opt/ps4sdk/libPS4/libPS4.a(sysutil.o)
sceUserServiceGetInitialUser
                    0x8               /opt/ps4sdk/libPS4/libPS4.a(sysutil.o)
sceNetInetPton      0x8               /opt/ps4sdk/libPS4/libPS4.a(network.o)
__stack_chk_fail    0x8               /opt/ps4sdk/libPS4/libPS4.a(kernel.o)
sceKernelMapDirectMemory
                    0x8               /opt/ps4sdk/libPS4/libPS4.a(kernel.o)
strtol              0x8               /opt/ps4sdk/libPS4/libPS4.a(libc.o)
g_firmware          0x2               /opt/ps4sdk/libPS4/libPS4.a(payload_utils.o)
snprintf_s          0x8               /opt/ps4sdk/libPS4/libPS4.a(libc.o)
sysarch             0x8               /opt/ps4sdk/libPS4/libPS4.a(kernel.o)
strrchr             0x8               /opt/ps4sdk/libPS4/libPS4.a(libc.o)
calloc              0x8               /opt/ps4sdk/libPS4/libPS4.a(libc.o)
rindex              0x8               /opt/ps4sdk/libPS4/libPS4.a(libc.o)
sceNetGetsockname   0x8               /opt/ps4sdk/libPS4/libPS4.a(network.o)
sceKernelError      0x8               /opt/ps4sdk/libPS4/libPS4.a(kernel.o)
atof                0x8               /opt/ps4sdk/libPS4/libPS4.a(libc.o)
sceNetHtons         0x8               /opt/ps4sdk/libPS4/libPS4.a(network.o)
_Getpctype          0x8               /opt/ps4sdk/libPS4/libPS4.a(libc.o)
sysctl              0x8               /opt/ps4sdk/libPS4/libPS4.a(kernel.o)
fprintf             0x8               /opt/ps4sdk/libPS4/libPS4.a(libc.o)
ctime               0x8               /opt/ps4sdk/libPS4/libPS4.a(libc.o)
sceKernelRead       0x8               /opt/ps4sdk/libPS4/libPS4.a(kernel.o)
strcat              0x8               /opt/ps4sdk/libPS4/libPS4.a(libc.o)
sceNetSend          0x8               /opt/ps4sdk/libPS4/libPS4.a(network.o)
setregid            0x8               /opt/ps4sdk/libPS4/libPS4.a(kernel.o)
fseek               0x8               /opt/ps4sdk/libPS4/libPS4.a(libc.o)
libSceUserService   0x4               /opt/ps4sdk/libPS4/libPS4.a(sysutil.o)
mktime              0x8               /opt/ps4sdk/libPS4/libPS4.a(libc.o)
strstr              0x8               /opt/ps4sdk/libPS4/libPS4.a(libc.o)
__error             0x8               /opt/ps4sdk/libPS4/libPS4.a(kernel.o)
rand                0x8               /opt/ps4sdk/libPS4/libPS4.a(libc.o)
sceKernelSendNotificationRequest
                    0x8               /opt/ps4sdk/libPS4/libPS4.a(kernel.o)
sceNetHtonl         0x8               /opt/ps4sdk/libPS4/libPS4.a(network.o)
setgid              0x8               /opt/ps4sdk/libPS4/libPS4.a(kernel.o)
dirfd               0x8               /opt/ps4sdk/libPS4/libPS4.a(libc.o)
sceNetErrnoLoc      0x8               /opt/ps4sdk/libPS4/libPS4.a(network.o)
sceKernelLseek      0x8               /opt/ps4sdk/libPS4/libPS4.a(kernel.o)
sceKernelStat       0x8               /opt/ps4sdk/libPS4/libPS4.a(kernel.o)
strlcpy             0x8               /opt/ps4sdk/libPS4/libPS4.a(libc.o)
strncmp             0x8               /opt/ps4sdk/libPS4/libPS4.a(libc.o)
sceKernelLoadStartModule
                    0x8               /opt/ps4sdk/libPS4/libPS4.a(kernel.o)
sceSystemServiceLaunchWebBrowser
                    0x8               /opt/ps4sdk/libPS4/libPS4.a(sysutil.o)
strncpy             0x8               /opt/ps4sdk/libPS4/libPS4.a(libc.o)
realloc             0x8               /opt/ps4sdk/libPS4/libPS4.a(libc.o)
sceKernelGetSystemSwVersion
                    0x8               /opt/ps4sdk/libPS4/libPS4.a(kernel.o)
bcopy               0x8               /opt/ps4sdk/libPS4/libPS4.a(libc.o)
strtok              0x8               /opt/ps4sdk/libPS4/libPS4.a(libc.o)
memcmp              0x8               /opt/ps4sdk/libPS4/libPS4.a(libc.o)
sceKernelClose      0x8               /opt/ps4sdk/libPS4/libPS4.a(kernel.o)
sscanf              0x8               /opt/ps4sdk/libPS4/libPS4.a(libc.o)
sceUserServiceGetUserName
                    0x8               /opt/ps4sdk/libPS4/libPS4.a(sysutil.o)
strncat             0x8               /opt/ps4sdk/libPS4/libPS4.a(libc.o)
memmove_s           0x8               /opt/ps4sdk/libPS4/libPS4.a(libc.o)
fread               0x8               /opt/ps4sdk/libPS4/libPS4.a(libc.o)
_Stoul              0x8               /opt/ps4sdk/libPS4/libPS4.a(libc.o)
pthread_setaffinity_np
                    0x8               /opt/ps4sdk/libPS4/libPS4.a(kernel.o)
strdup              0x8               /opt/ps4sdk/libPS4/libPS4.a(libc.o)
sceNetSetsockopt    0x8               /opt/ps4sdk/libPS4/libPS4.a(network.o)
index               0x8               /opt/ps4sdk/libPS4/libPS4.a(libc.o)
libSceSystemService
                    0x4               /opt/ps4sdk/libPS4/libPS4.a(sysutil.o)
sceNetSocketClose   0x8               /opt/ps4sdk/libPS4/libPS4.a(network.o)
fopen               0x8               /opt/ps4sdk/libPS4/libPS4.a(libc.o)
sceKernelGetProcessTime
                    0x8               /opt/ps4sdk/libPS4/libPS4.a(kernel.o)
asctime_r           0x8               /opt/ps4sdk/libPS4/libPS4.a(libc.o)
setreuid            0x8               /opt/ps4sdk/libPS4/libPS4.a(kernel.o)
localtime           0x8               /opt/ps4sdk/libPS4/libPS4.a(libc.o)
memset              0x8               /opt/ps4sdk/libPS4/libPS4.a(libc.o)
ftell               0x8               /opt/ps4sdk/libPS4/libPS4.a(libc.o)
srand               0x8               /opt/ps4sdk/libPS4/libPS4.a(libc.o)
fclose              0x8               /opt/ps4sdk/libPS4/libPS4.a(libc.o)
sceKernelAllocateDirectMemory
                    0x8               /opt/ps4sdk/libPS4/libPS4.a(kernel.o)
time                0x8               /opt/ps4sdk/libPS4/libPS4.a(libc.o)
opendir             0x8               /opt/ps4sdk/libPS4/libPS4.a(libc.o)
strcmp              0x8               /opt/ps4sdk/libPS4/libPS4.a(libc.o)
sceNetRecv          0x8               /opt/ps4sdk/libPS4/libPS4.a(network.o)
sceUserServiceGetLoginUserIdList
                    0x8               /opt/ps4sdk/libPS4/libPS4.a(sysutil.o)
gmtime_s            0x8               /opt/ps4sdk/libPS4/libPS4.a(libc.o)
sceNetBind          0x8               /opt/ps4sdk/libPS4/libPS4.a(network.o)
memalign            0x8               /opt/ps4sdk/libPS4/libPS4.a(libc.o)
sprintf             0x8               /opt/ps4sdk/libPS4/libPS4.a(libc.o)
libNetCtl           0x4               /opt/ps4sdk/libPS4/libPS4.a(network.o)
sceNetConnect       0x8               /opt/ps4sdk/libPS4/libPS4.a(network.o)
sceNetNtohs         0x8               /opt/ps4sdk/libPS4/libPS4.a(network.o)
ctime_r             0x8               /opt/ps4sdk/libPS4/libPS4.a(libc.o)
sceKernelUsleep     0x8               /opt/ps4sdk/libPS4/libPS4.a(kernel.o)
sceNetCtlTerm       0x8               /opt/ps4sdk/libPS4/libPS4.a(network.o)
sceKernelAddUserEvent
                    0x8               /opt/ps4sdk/libPS4/libPS4.a(kernel.o)
pthread_self        0x8               /opt/ps4sdk/libPS4/libPS4.a(kernel.o)
sceUserServiceTerminate
                    0x8               /opt/ps4sdk/libPS4/libPS4.a(sysutil.o)
localtime_r         0x8               /opt/ps4sdk/libPS4/libPS4.a(libc.o)
sceNetListen        0x8               /opt/ps4sdk/libPS4/libPS4.a(network.o)
isdigit             0x8               /opt/ps4sdk/libPS4/libPS4.a(libc.o)
sceKernelReboot     0x8               /opt/ps4sdk/libPS4/libPS4.a(sysutil.o)
fwrite              0x8               /opt/ps4sdk/libPS4/libPS4.a(libc.o)
sceKernelCreateEqueue
                    0x8               /opt/ps4sdk/libPS4/libPS4.a(kernel.o)
sceNetNtohl         0x8               /opt/ps4sdk/libPS4/libPS4.a(network.o)
sceNetGetsockopt    0x8               /opt/ps4sdk/libPS4/libPS4.a(network.o)
atoi                0x8               /opt/ps4sdk/libPS4/libPS4.a(libc.o)
gmtime              0x8               /opt/ps4sdk/libPS4/libPS4.a(libc.o)
strlen              0x8               /opt/ps4sdk/libPS4/libPS4.a(libc.o)
sceKernelOpen       0x8               /opt/ps4sdk/libPS4/libPS4.a(kernel.o)
strchr              0x8               /opt/ps4sdk/libPS4/libPS4.a(libc.o)
sceNetAccept        0x8               /opt/ps4sdk/libPS4/libPS4.a(network.o)
libNet              0x4               /opt/ps4sdk/libPS4/libPS4.a(network.o)
closedir            0x8               /opt/ps4sdk/libPS4/libPS4.a(libc.o)
setuid              0x8               /opt/ps4sdk/libPS4/libPS4.a(kernel.o)
sysUtilHandle       0x4               /opt/ps4sdk/libPS4/libPS4.a(sysutil.o)
sceKernelGetFsSandboxRandomWord
                    0x8               /opt/ps4sdk/libPS4/libPS4.a(kernel.o)
sceKernelAddReadEvent
                    0x8               /opt/ps4sdk/libPS4/libPS4.a(kernel.o)
sceNetSocketAbort   0x8               /opt/ps4sdk/libPS4/libPS4.a(network.o)
telldir             0x8               /opt/ps4sdk/libPS4/libPS4.a(libc.o)
sysctlbyname        0x8               /opt/ps4sdk/libPS4/libPS4.a(kernel.o)
free                0x8               /opt/ps4sdk/libPS4/libPS4.a(libc.o)

Discarded input sections

 .data          0x0000000000000000        0x0 /tmp/ccgruK8T.o
 .bss           0x0000000000000000        0x0 /tmp/ccgruK8T.o
 .text          0x0000000000000000        0x0 build/main.o
 .data          0x0000000000000000        0x0 build/main.o
 .bss           0x0000000000000000        0x0 build/main.o
 .comment       0x0000000000000000       0x25 build/main.o
 .note.GNU-stack
                0x0000000000000000        0x0 build/main.o
 .note.gnu.property
                0x0000000000000000       0x20 build/main.o
 .eh_frame      0x0000000000000000       0x80 build/main.o
 .text          0x0000000000000000        0x0 /opt/ps4sdk/libPS4/libPS4.a(payload_utils.o)
 .data          0x0000000000000000        0x0 /opt/ps4sdk/libPS4/libPS4.a(payload_utils.o)
 .bss           0x0000000000000000        0x0 /opt/ps4sdk/libPS4/libPS4.a(payload_utils.o)
 .text.kpayload_kbase
                0x0000000000000000      0x5bd /opt/ps4sdk/libPS4/libPS4.a(payload_utils.o)
 .rodata.kpayload_kbase
                0x0000000000000000       0x50 /opt/ps4sdk/libPS4/libPS4.a(payload_utils.o)
 .text.kpayload_dump
                0x0000000000000000      0x4d6 /opt/ps4sdk/libPS4/libPS4.a(payload_utils.o)
 .rodata.kpayload_dump
                0x0000000000000000       0x50 /opt/ps4sdk/libPS4/libPS4.a(payload_utils.o)
 .text.kpayload_mmap
                0x0000000000000000      0x60a /opt/ps4sdk/libPS4/libPS4.a(payload_utils.o)
 .rodata.kpayload_mmap
                0x0000000000000000       0x50 /opt/ps4sdk/libPS4/libPS4.a(payload_utils.o)
 .text.kpayload_aslr
                0x0000000000000000      0x515 /opt/ps4sdk/libPS4/libPS4.a(payload_utils.o)
 .rodata.kpayload_aslr
                0x0000000000000000       0x50 /opt/ps4sdk/libPS4/libPS4.a(payload_utils.o)
 .rodata.kpayload_kernel_clock.str1.1
                0x0000000000000000       0xb0 /opt/ps4sdk/libPS4/libPS4.a(payload_utils.o)
 .text.kpayload_kernel_clock
                0x0000000000000000      0xd44 /opt/ps4sdk/libPS4/libPS4.a(payload_utils.o)
 .rodata.kpayload_kernel_clock
                0x0000000000000000       0x50 /opt/ps4sdk/libPS4/libPS4.a(payload_utils.o)
 .text.kpayload_enable_browser
                0x0000000000000000      0x58d /opt/ps4sdk/libPS4/libPS4.a(payload_utils.o)
 .rodata.kpayload_enable_browser
                0x0000000000000000       0x50 /opt/ps4sdk/libPS4/libPS4.a(payload_utils.o)
 .text.kpayload_target_id
                0x0000000000000000      0x4f0 /opt/ps4sdk/libPS4/libPS4.a(payload_utils.o)
 .rodata.kpayload_target_id
                0x0000000000000000       0x50 /opt/ps4sdk/libPS4/libPS4.a(payload_utils.o)
 .text.kpayload_perm_uart
                0x0000000000000000      0x52c /opt/ps4sdk/libPS4/libPS4.a(payload_utils.o)
 .rodata.kpayload_perm_uart
                0x0000000000000000       0x50 /opt/ps4sdk/libPS4/libPS4.a(payload_utils.o)
 .text.kpayload_exit_idu
                0x0000000000000000      0x52c /opt/ps4sdk/libPS4/libPS4.a(payload_utils.o)
 .rodata.kpayload_exit_idu
                0x0000000000000000       0x50 /opt/ps4sdk/libPS4/libPS4.a(payload_utils.o)
 .text.kpayload_npdrm_patch
                0x0000000000000000      0x76c /opt/ps4sdk/libPS4/libPS4.a(payload_utils.o)
 .rodata.kpayload_npdrm_patch
                0x0000000000000000       0x50 /opt/ps4sdk/libPS4/libPS4.a(payload_utils.o)
 .rodata.is_fw_spoofed.str1.1
                0x0000000000000000        0xc /opt/ps4sdk/libPS4/libPS4.a(payload_utils.o)
 .text.is_fw_spoofed
                0x0000000000000000       0xaf /opt/ps4sdk/libPS4/libPS4.a(payload_utils.o)
 .rodata.get_firmware_string.str1.1
                0x0000000000000000       0x22 /opt/ps4sdk/libPS4/libPS4.a(payload_utils.o)
 .text.get_firmware_string
                0x0000000000000000       0xbb /opt/ps4sdk/libPS4/libPS4.a(payload_utils.o)
 .text.get_kernel_base
                0x0000000000000000       0x88 /opt/ps4sdk/libPS4/libPS4.a(payload_utils.o)
 .text.get_memory_dump
                0x0000000000000000       0x47 /opt/ps4sdk/libPS4/libPS4.a(payload_utils.o)
 .text.mmap_patch
                0x0000000000000000       0x2a /opt/ps4sdk/libPS4/libPS4.a(payload_utils.o)
 .text.disable_aslr
                0x0000000000000000       0x2a /opt/ps4sdk/libPS4/libPS4.a(payload_utils.o)
 .text.kernel_clock
                0x0000000000000000       0x31 /opt/ps4sdk/libPS4/libPS4.a(payload_utils.o)
 .text.enable_browser
                0x0000000000000000       0x2a /opt/ps4sdk/libPS4/libPS4.a(payload_utils.o)
 .text.spoof_target_id
                0x0000000000000000       0x32 /opt/ps4sdk/libPS4/libPS4.a(payload_utils.o)
 .text.enable_perm_uart
                0x0000000000000000       0x2a /opt/ps4sdk/libPS4/libPS4.a(payload_utils.o)
 .text.exit_idu
                0x0000000000000000       0x2a /opt/ps4sdk/libPS4/libPS4.a(payload_utils.o)
 .text.npdrm_patch
                0x0000000000000000       0x2a /opt/ps4sdk/libPS4/libPS4.a(payload_utils.o)
 .comment       0x0000000000000000       0x25 /opt/ps4sdk/libPS4/libPS4.a(payload_utils.o)
 .note.GNU-stack
                0x0000000000000000        0x0 /opt/ps4sdk/libPS4/libPS4.a(payload_utils.o)
 .note.gnu.property
                0x0000000000000000       0x20 /opt/ps4sdk/libPS4/libPS4.a(payload_utils.o)
 .eh_frame      0x0000000000000000      0x408 /opt/ps4sdk/libPS4/libPS4.a(payload_utils.o)
 .data          0x0000000000000000        0x0 /opt/ps4sdk/libPS4/libPS4.a(file.o)
 .bss           0x0000000000000000        0x0 /opt/ps4sdk/libPS4/libPS4.a(file.o)
 .text.getSandboxDirectory
                0x0000000000000000       0x1b /opt/ps4sdk/libPS4/libPS4.a(file.o)
 .text.file_exists
                0x0000000000000000       0x23 /opt/ps4sdk/libPS4/libPS4.a(file.o)
 .text.dir_exists
                0x0000000000000000       0x28 /opt/ps4sdk/libPS4/libPS4.a(file.o)
 .text.symlink_exists
                0x0000000000000000       0x3a /opt/ps4sdk/libPS4/libPS4.a(file.o)
 .text.touch_file
                0x0000000000000000       0x23 /opt/ps4sdk/libPS4/libPS4.a(file.o)
 .text.copy_file
                0x0000000000000000       0x99 /opt/ps4sdk/libPS4/libPS4.a(file.o)
 .rodata.copy_dir.str1.1
                0x0000000000000000        0xb /opt/ps4sdk/libPS4/libPS4.a(file.o)
 .text.copy_dir
                0x0000000000000000      0x132 /opt/ps4sdk/libPS4/libPS4.a(file.o)
 .text.file_compare
                0x0000000000000000      0x175 /opt/ps4sdk/libPS4/libPS4.a(file.o)
 .text.rmtree   0x0000000000000000      0x143 /opt/ps4sdk/libPS4/libPS4.a(file.o)
 .text.fgetc_pointer
                0x0000000000000000       0x2c /opt/ps4sdk/libPS4/libPS4.a(file.o)
 .text.build_iovec
                0x0000000000000000       0xec /opt/ps4sdk/libPS4/libPS4.a(file.o)
 .rodata.mount_large_fs.str1.1
                0x0000000000000000       0x4b /opt/ps4sdk/libPS4/libPS4.a(file.o)
 .text.mount_large_fs
                0x0000000000000000      0x14f /opt/ps4sdk/libPS4/libPS4.a(file.o)
 .comment       0x0000000000000000       0x25 /opt/ps4sdk/libPS4/libPS4.a(file.o)
 .note.GNU-stack
                0x0000000000000000        0x0 /opt/ps4sdk/libPS4/libPS4.a(file.o)
 .note.gnu.property
                0x0000000000000000       0x20 /opt/ps4sdk/libPS4/libPS4.a(file.o)
 .eh_frame      0x0000000000000000      0x260 /opt/ps4sdk/libPS4/libPS4.a(file.o)
 .text          0x0000000000000000        0x0 /opt/ps4sdk/libPS4/libPS4.a(sysutil.o)
 .data          0x0000000000000000        0x0 /opt/ps4sdk/libPS4/libPS4.a(sysutil.o)
 .bss           0x0000000000000000        0x0 /opt/ps4sdk/libPS4/libPS4.a(sysutil.o)
 .rodata.initUserService.str1.1
                0x0000000000000000       0xb3 /opt/ps4sdk/libPS4/libPS4.a(sysutil.o)
 .text.initUserService
                0x0000000000000000       0x9f /opt/ps4sdk/libPS4/libPS4.a(sysutil.o)
 .text.openBrowser
                0x0000000000000000       0x12 /opt/ps4sdk/libPS4/libPS4.a(sysutil.o)
 .text.getUserIDList
                0x0000000000000000       0x47 /opt/ps4sdk/libPS4/libPS4.a(sysutil.o)
 .text.getUserID
                0x0000000000000000       0x18 /opt/ps4sdk/libPS4/libPS4.a(sysutil.o)
 .text.getUserName
                0x0000000000000000       0x8d /opt/ps4sdk/libPS4/libPS4.a(sysutil.o)
 .text.getInitialUser
                0x0000000000000000       0x45 /opt/ps4sdk/libPS4/libPS4.a(sysutil.o)
 .rodata.shutdown.str1.1
                0x0000000000000000       0x11 /opt/ps4sdk/libPS4/libPS4.a(sysutil.o)
 .text.shutdown
                0x0000000000000000       0x55 /opt/ps4sdk/libPS4/libPS4.a(sysutil.o)
 .rodata.reboot.str1.1
                0x0000000000000000       0x32 /opt/ps4sdk/libPS4/libPS4.a(sysutil.o)
 .text.reboot   0x0000000000000000       0x41 /opt/ps4sdk/libPS4/libPS4.a(sysutil.o)
 .comment       0x0000000000000000       0x25 /opt/ps4sdk/libPS4/libPS4.a(sysutil.o)
 .note.GNU-stack
                0x0000000000000000        0x0 /opt/ps4sdk/libPS4/libPS4.a(sysutil.o)
 .note.gnu.property
                0x0000000000000000       0x20 /opt/ps4sdk/libPS4/libPS4.a(sysutil.o)
 .eh_frame      0x0000000000000000      0x120 /opt/ps4sdk/libPS4/libPS4.a(sysutil.o)
 .data          0x0000000000000000        0x0 /opt/ps4sdk/libPS4/libPS4.a(module.o)
 .bss           0x0000000000000000        0x0 /opt/ps4sdk/libPS4/libPS4.a(module.o)
 .text.getModuleInfo
                0x0000000000000000       0x1f /opt/ps4sdk/libPS4/libPS4.a(module.o)
 .text.unloadModule
                0x0000000000000000       0x19 /opt/ps4sdk/libPS4/libPS4.a(module.o)
 .rodata.initModule.str1.1
                0x0000000000000000       0x2c /opt/ps4sdk/libPS4/libPS4.a(module.o)
 .text.initModule
                0x0000000000000000       0x47 /opt/ps4sdk/libPS4/libPS4.a(module.o)
 .comment       0x0000000000000000       0x25 /opt/ps4sdk/libPS4/libPS4.a(module.o)
 .note.GNU-stack
                0x0000000000000000        0x0 /opt/ps4sdk/libPS4/libPS4.a(module.o)
 .note.gnu.property
                0x0000000000000000       0x20 /opt/ps4sdk/libPS4/libPS4.a(module.o)
 .eh_frame      0x0000000000000000       0x80 /opt/ps4sdk/libPS4/libPS4.a(module.o)
 COMMON         0x0000000000000000        0xc /opt/ps4sdk/libPS4/libPS4.a(module.o)
 .text          0x0000000000000000       0x60 /opt/ps4sdk/libPS4/libPS4.a(memory.o)
 .data          0x0000000000000000        0x0 /opt/ps4sdk/libPS4/libPS4.a(memory.o)
 .bss           0x0000000000000000        0x0 /opt/ps4sdk/libPS4/libPS4.a(memory.o)
 .comment       0x0000000000000000       0x25 /opt/ps4sdk/libPS4/libPS4.a(memory.o)
 .note.GNU-stack
                0x0000000000000000        0x0 /opt/ps4sdk/libPS4/libPS4.a(memory.o)
 .note.gnu.property
                0x0000000000000000       0x20 /opt/ps4sdk/libPS4/libPS4.a(memory.o)
 .text          0x0000000000000000        0x0 /opt/ps4sdk/libPS4/libPS4.a(debug.o)
 .data          0x0000000000000000        0x0 /opt/ps4sdk/libPS4/libPS4.a(debug.o)
 .bss           0x0000000000000000        0x0 /opt/ps4sdk/libPS4/libPS4.a(debug.o)
 .comment       0x0000000000000000       0x25 /opt/ps4sdk/libPS4/libPS4.a(debug.o)
 .note.GNU-stack
                0x0000000000000000        0x0 /opt/ps4sdk/libPS4/libPS4.a(debug.o)
 .note.gnu.property
                0x0000000000000000       0x20 /opt/ps4sdk/libPS4/libPS4.a(debug.o)
 .text          0x0000000000000000        0x0 /opt/ps4sdk/libPS4/libPS4.a(libc.o)
 .data          0x0000000000000000        0x0 /opt/ps4sdk/libPS4/libPS4.a(libc.o)
 .bss           0x0000000000000000        0x0 /opt/ps4sdk/libPS4/libPS4.a(libc.o)
 .text.memset_s
                0x0000000000000000       0x51 /opt/ps4sdk/libPS4/libPS4.a(libc.o)
 .comment       0x0000000000000000       0x25 /opt/ps4sdk/libPS4/libPS4.a(libc.o)
 .note.GNU-stack
                0x0000000000000000        0x0 /opt/ps4sdk/libPS4/libPS4.a(libc.o)
 .note.gnu.property
                0x0000000000000000       0x20 /opt/ps4sdk/libPS4/libPS4.a(libc.o)
 .eh_frame      0x0000000000000000       0x68 /opt/ps4sdk/libPS4/libPS4.a(libc.o)
 .text          0x0000000000000000        0x0 /opt/ps4sdk/libPS4/libPS4.a(network.o)
 .data          0x0000000000000000        0x0 /opt/ps4sdk/libPS4/libPS4.a(network.o)
 .bss           0x0000000000000000        0x0 /opt/ps4sdk/libPS4/libPS4.a(network.o)
 .rodata.initNetwork.str1.1
                0x0000000000000000      0x173 /opt/ps4sdk/libPS4/libPS4.a(network.o)
 .text.initNetwork
                0x0000000000000000      0x258 /opt/ps4sdk/libPS4/libPS4.a(network.o)
 .text.SckConnect
                0x0000000000000000       0xa9 /opt/ps4sdk/libPS4/libPS4.a(network.o)
 .text.SckClose
                0x0000000000000000        0xd /opt/ps4sdk/libPS4/libPS4.a(network.o)
 .text.SckRecv  0x0000000000000000       0xce /opt/ps4sdk/libPS4/libPS4.a(network.o)
 .text.SckRecvf
                0x0000000000000000       0x7b /opt/ps4sdk/libPS4/libPS4.a(network.o)
 .comment       0x0000000000000000       0x25 /opt/ps4sdk/libPS4/libPS4.a(network.o)
 .note.GNU-stack
                0x0000000000000000        0x0 /opt/ps4sdk/libPS4/libPS4.a(network.o)
 .note.gnu.property
                0x0000000000000000       0x20 /opt/ps4sdk/libPS4/libPS4.a(network.o)
 .eh_frame      0x0000000000000000      0x118 /opt/ps4sdk/libPS4/libPS4.a(network.o)
 .data          0x0000000000000000        0x0 /opt/ps4sdk/libPS4/libPS4.a(kernel.o)
 .bss           0x0000000000000000        0x0 /opt/ps4sdk/libPS4/libPS4.a(kernel.o)
 .comment       0x0000000000000000       0x25 /opt/ps4sdk/libPS4/libPS4.a(kernel.o)
 .note.GNU-stack
                0x0000000000000000        0x0 /opt/ps4sdk/libPS4/libPS4.a(kernel.o)
 .note.gnu.property
                0x0000000000000000       0x20 /opt/ps4sdk/libPS4/libPS4.a(kernel.o)
 .eh_frame      0x0000000000000000       0x50 /opt/ps4sdk/libPS4/libPS4.a(kernel.o)
 .data          0x0000000000000000        0x0 /opt/ps4sdk/libPS4/libPS4.a(syscall.o)
 .bss           0x0000000000000000        0x0 /opt/ps4sdk/libPS4/libPS4.a(syscall.o)

Memory Configuration

Name             Origin             Length             Attributes
*default*        0x0000000000000000 0xffffffffffffffff

Linker script and memory map

LOAD /tmp/ccgruK8T.o
LOAD build/main.o

.text           0x0000000000000000     0x172a
 *(.text.start)
 *(.text*)
 .text          0x0000000000000000        0x5 /tmp/ccgruK8T.o
                0x0000000000000000                _start
 .text.checksum
                0x0000000000000005       0x19 build/main.o
                0x0000000000000005                checksum
 .text._main    0x000000000000001e      0x37b build/main.o
                0x000000000000001e                _main
 .text.kpayload_jailbreak
                0x0000000000000399      0x5fc /opt/ps4sdk/libPS4/libPS4.a(payload_utils.o)
                0x0000000000000399                kpayload_jailbreak
 .text.is_jailbroken
                0x0000000000000995       0x3b /opt/ps4sdk/libPS4/libPS4.a(payload_utils.o)
                0x0000000000000995                is_jailbroken
 .text.get_firmware
                0x00000000000009d0      0x190 /opt/ps4sdk/libPS4/libPS4.a(payload_utils.o)
                0x00000000000009d0                get_firmware
 .text.jailbreak
                0x0000000000000b60       0x39 /opt/ps4sdk/libPS4/libPS4.a(payload_utils.o)
                0x0000000000000b60                jailbreak
 .text          0x0000000000000b99      0x108 /opt/ps4sdk/libPS4/libPS4.a(file.o)
                0x0000000000000b99                read
                0x0000000000000ba5                write
                0x0000000000000bb1                open
                0x0000000000000bbd                close
                0x0000000000000bc9                unlink
                0x0000000000000bd5                link
                0x0000000000000be1                readlink
                0x0000000000000bed                symlink
                0x0000000000000bf9                mount
                0x0000000000000c05                nmount
                0x0000000000000c11                unmount
                0x0000000000000c1d                fchown
                0x0000000000000c29                fchmod
                0x0000000000000c35                rename
                0x0000000000000c41                mkdir
                0x0000000000000c4d                rmdir
                0x0000000000000c59                stat
                0x0000000000000c65                fstat
                0x0000000000000c71                lstat
                0x0000000000000c7d                getdents
                0x0000000000000c89                lseek
                0x0000000000000c95                fstatat
 .text.initSysUtil
                0x0000000000000ca1       0x86 /opt/ps4sdk/libPS4/libPS4.a(sysutil.o)
                0x0000000000000ca1                initSysUtil
 .text          0x0000000000000d27       0x18 /opt/ps4sdk/libPS4/libPS4.a(module.o)
                0x0000000000000d27                getFunctionAddressByName
                0x0000000000000d33                getLoadedModules
 .text.loadModule
                0x0000000000000d3f       0x1e /opt/ps4sdk/libPS4/libPS4.a(module.o)
                0x0000000000000d3f                loadModule
 .text.initLibc
                0x0000000000000d5d      0x5d2 /opt/ps4sdk/libPS4/libPS4.a(libc.o)
                0x0000000000000d5d                initLibc
 .text.SckSend  0x000000000000132f       0x15 /opt/ps4sdk/libPS4/libPS4.a(network.o)
                0x000000000000132f                SckSend
 .text          0x0000000000001344       0x24 /opt/ps4sdk/libPS4/libPS4.a(kernel.o)
                0x0000000000001344                kill
                0x0000000000001350                ioctl
                0x000000000000135c                kexec
 .text.initKernel
                0x0000000000001368      0x394 /opt/ps4sdk/libPS4/libPS4.a(kernel.o)
                0x0000000000001368                initKernel
 .text          0x00000000000016fc       0x2e /opt/ps4sdk/libPS4/libPS4.a(syscall.o)
                0x00000000000016fc                syscall
                0x00000000000016ff                syscall_macro

.plt            0x0000000000001730        0x0
 .plt           0x0000000000001730        0x0 /tmp/ccgruK8T.o

.plt.got        0x0000000000001730        0x0
 .plt.got       0x0000000000001730        0x0 /tmp/ccgruK8T.o

.rodata         0x000000000000172c      0x6ca
 *(.rodata)
 *(.rodata*)
 .rodata._main.str1.1
                0x000000000000172c       0xa8 build/main.o
 .rodata.kpayload_kbase.str1.1
                0x00000000000017d4       0x15 /opt/ps4sdk/libPS4/libPS4.a(payload_utils.o)
 *fill*         0x00000000000017e9        0x3 
 .rodata.kpayload_jailbreak
                0x00000000000017ec       0x50 /opt/ps4sdk/libPS4/libPS4.a(payload_utils.o)
 .rodata.is_jailbroken.str1.1
                0x000000000000183c       0x11 /opt/ps4sdk/libPS4/libPS4.a(payload_utils.o)
 .rodata.get_firmware.str1.1
                0x000000000000184d       0x41 /opt/ps4sdk/libPS4/libPS4.a(payload_utils.o)
 .rodata.initSysUtil.str1.1
                0x000000000000188e       0x9c /opt/ps4sdk/libPS4/libPS4.a(sysutil.o)
 .rodata.initLibc.str1.1
                0x000000000000192a      0x1f8 /opt/ps4sdk/libPS4/libPS4.a(libc.o)
                                        0x216 (size before relaxing)
 .rodata.initKernel.str1.1
                0x0000000000001b22      0x2d4 /opt/ps4sdk/libPS4/libPS4.a(kernel.o)

.gnu.version_d  0x0000000000001df8        0x0
 .gnu.version_d
                0x0000000000001df8        0x0 /tmp/ccgruK8T.o

.gnu.version    0x0000000000001df6        0x0
 .gnu.version   0x0000000000001df6        0x0 /tmp/ccgruK8T.o

.gnu.version_r  0x0000000000001df8        0x0
 .gnu.version_r
                0x0000000000001df8        0x0 /tmp/ccgruK8T.o

.dynsym         0x0000000000001df8       0x18
 .dynsym        0x0000000000001df8       0x18 /tmp/ccgruK8T.o

.dynstr         0x0000000000001e10        0x1
 .dynstr        0x0000000000001e10        0x1 /tmp/ccgruK8T.o

.gnu.hash       0x0000000000001e18       0x1c
 .gnu.hash      0x0000000000001e18       0x1c /tmp/ccgruK8T.o

.eh_frame_hdr   0x0000000000001e34        0x0
 .eh_frame_hdr  0x0000000000001e34        0x0 build/main.o

.rela.dyn       0x0000000000001e38        0x0
 .rela.plt      0x0000000000001e38        0x0 /tmp/ccgruK8T.o
 .rela.got      0x0000000000001e38        0x0 /tmp/ccgruK8T.o
 .rela.bss      0x0000000000001e38        0x0 /tmp/ccgruK8T.o
 .rela.data.rel.ro
                0x0000000000001e38        0x0 /tmp/ccgruK8T.o
 .rela.ifunc    0x0000000000001e38        0x0 /tmp/ccgruK8T.o
 .rela.text._main
                0x0000000000001e38        0x0 /tmp/ccgruK8T.o
 .rela.text.kpayload_jailbreak
                0x0000000000001e38        0x0 /tmp/ccgruK8T.o
 .rela.text.get_firmware
                0x0000000000001e38        0x0 /tmp/ccgruK8T.o
 .rela.text.initSysUtil
                0x0000000000001e38        0x0 /tmp/ccgruK8T.o
 .rela.text.initLibc
                0x0000000000001e38        0x0 /tmp/ccgruK8T.o
 .rela.text.SckSend
                0x0000000000001e38        0x0 /tmp/ccgruK8T.o
 .rela.text.initKernel
                0x0000000000001e38        0x0 /tmp/ccgruK8T.o
 .rela.text     0x0000000000001e38        0x0 /tmp/ccgruK8T.o

.data
 *(.data)

.dynamic        0x0000000000001e38       0xe0
 .dynamic       0x0000000000001e38       0xe0 /tmp/ccgruK8T.o
                0x0000000000001e38                _DYNAMIC

.got            0x0000000000001f18        0x0
 .got           0x0000000000001f18        0x0 /tmp/ccgruK8T.o

.got.plt        0x0000000000001f18        0x0
 .got.plt       0x0000000000001f18        0x0 /tmp/ccgruK8T.o

.data.rel.ro    0x0000000000001f18        0x0
 .data.rel.ro   0x0000000000001f18        0x0 /tmp/ccgruK8T.o

.data.DEBUG_SOCK
                0x0000000000001f18        0x4
 .data.DEBUG_SOCK
                0x0000000000001f18        0x4 /opt/ps4sdk/libPS4/libPS4.a(debug.o)
                0x0000000000001f18                DEBUG_SOCK

.bss            0x0000000000001f20      0x490
 *(.bss)
 COMMON         0x0000000000001f20        0x2 /opt/ps4sdk/libPS4/libPS4.a(payload_utils.o)
                0x0000000000001f20                g_firmware
 *fill*         0x0000000000001f22        0x6 
 COMMON         0x0000000000001f28       0x54 /opt/ps4sdk/libPS4/libPS4.a(sysutil.o)
                0x0000000000001f28                sceUserServiceInitialize
                0x0000000000001f30                sceSysUtilSendSystemNotificationWithText
                0x0000000000001f38                sceUserServiceGetInitialUser
                0x0000000000001f40                libSceUserService
                0x0000000000001f48                sceSystemServiceLaunchWebBrowser
                0x0000000000001f50                sceUserServiceGetUserName
                0x0000000000001f58                libSceSystemService
                0x0000000000001f60                sceUserServiceGetLoginUserIdList
                0x0000000000001f68                sceUserServiceTerminate
                0x0000000000001f70                sceKernelReboot
                0x0000000000001f78                sysUtilHandle
 *fill*         0x0000000000001f7c        0x4 
 COMMON         0x0000000000001f80      0x220 /opt/ps4sdk/libPS4/libPS4.a(libc.o)
                0x0000000000001f80                strcpy
                0x0000000000001f88                asctime
                0x0000000000001f90                libc
                0x0000000000001f98                strerror
                0x0000000000001fa0                memmove
                0x0000000000001fa8                snprintf
                0x0000000000001fb0                strncpy_s
                0x0000000000001fb8                ceil
                0x0000000000001fc0                memcpy
                0x0000000000001fc8                seekdir
                0x0000000000001fd0                rewinddir
                0x0000000000001fd8                malloc
                0x0000000000001fe0                readdir_r
                0x0000000000001fe8                getprogname
                0x0000000000001ff0                readdir
                0x0000000000001ff8                strtol
                0x0000000000002000                snprintf_s
                0x0000000000002008                strrchr
                0x0000000000002010                calloc
                0x0000000000002018                rindex
                0x0000000000002020                atof
                0x0000000000002028                _Getpctype
                0x0000000000002030                fprintf
                0x0000000000002038                ctime
                0x0000000000002040                strcat
                0x0000000000002048                fseek
                0x0000000000002050                mktime
                0x0000000000002058                strstr
                0x0000000000002060                rand
                0x0000000000002068                dirfd
                0x0000000000002070                strlcpy
                0x0000000000002078                strncmp
                0x0000000000002080                strncpy
                0x0000000000002088                realloc
                0x0000000000002090                bcopy
                0x0000000000002098                strtok
                0x00000000000020a0                memcmp
                0x00000000000020a8                sscanf
                0x00000000000020b0                strncat
                0x00000000000020b8                memmove_s
                0x00000000000020c0                fread
                0x00000000000020c8                _Stoul
                0x00000000000020d0                strdup
                0x00000000000020d8                index
                0x00000000000020e0                fopen
                0x00000000000020e8                asctime_r
                0x00000000000020f0                localtime
                0x00000000000020f8                memset
                0x0000000000002100                ftell
                0x0000000000002108                srand
                0x0000000000002110                fclose
                0x0000000000002118                time
                0x0000000000002120                opendir
                0x0000000000002128                strcmp
                0x0000000000002130                gmtime_s
                0x0000000000002138                memalign
                0x0000000000002140                sprintf
                0x0000000000002148                ctime_r
                0x0000000000002150                localtime_r
                0x0000000000002158                isdigit
                0x0000000000002160                fwrite
                0x0000000000002168                atoi
                0x0000000000002170                gmtime
                0x0000000000002178                strlen
                0x0000000000002180                strchr
                0x0000000000002188                closedir
                0x0000000000002190                telldir
                0x0000000000002198                free
 COMMON         0x00000000000021a0       0xd0 /opt/ps4sdk/libPS4/libPS4.a(network.o)
                0x00000000000021a0                sceNetCtlInit
                0x00000000000021a8                sceNetHtonll
                0x00000000000021b0                sceNetNtohll
                0x00000000000021b8                sceNetCtlGetInfo
                0x00000000000021c0                sceNetInetNtop
                0x00000000000021c8                sceNetSocket
                0x00000000000021d0                sceNetInetPton
                0x00000000000021d8                sceNetGetsockname
                0x00000000000021e0                sceNetHtons
                0x00000000000021e8                sceNetSend
                0x00000000000021f0                sceNetHtonl
                0x00000000000021f8                sceNetErrnoLoc
                0x0000000000002200                sceNetSetsockopt
                0x0000000000002208                sceNetSocketClose
                0x0000000000002210                sceNetRecv
                0x0000000000002218                sceNetBind
                0x0000000000002220                libNetCtl
                0x0000000000002228                sceNetConnect
                0x0000000000002230                sceNetNtohs
                0x0000000000002238                sceNetCtlTerm
                0x0000000000002240                sceNetListen
                0x0000000000002248                sceNetNtohl
                0x0000000000002250                sceNetGetsockopt
                0x0000000000002258                sceNetAccept
                0x0000000000002260                libNet
                0x0000000000002268                sceNetSocketAbort
 COMMON         0x0000000000002270      0x140 /opt/ps4sdk/libPS4/libPS4.a(kernel.o)
                0x0000000000002270                sceKernelGettimeofday
                0x0000000000002278                getgid
                0x0000000000002280                libKernelHandle
                0x0000000000002288                __stack_chk_guard
                0x0000000000002290                sceKernelGetDirectMemorySize
                0x0000000000002298                execve
                0x00000000000022a0                getpid
                0x00000000000022a8                sceKernelSleep
                0x00000000000022b0                sceKernelGetCurrentCpu
                0x00000000000022b8                sceKernelDeleteEqueue
                0x00000000000022c0                sceKernelGetCpuTemperature
                0x00000000000022c8                getuid
                0x00000000000022d0                __stack_chk_fail
                0x00000000000022d8                sceKernelMapDirectMemory
                0x00000000000022e0                sysarch
                0x00000000000022e8                sceKernelError
                0x00000000000022f0                sysctl
                0x00000000000022f8                sceKernelRead
                0x0000000000002300                setregid
                0x0000000000002308                __error
                0x0000000000002310                sceKernelSendNotificationRequest
                0x0000000000002318                setgid
                0x0000000000002320                sceKernelLseek
                0x0000000000002328                sceKernelStat
                0x0000000000002330                sceKernelLoadStartModule
                0x0000000000002338                sceKernelGetSystemSwVersion
                0x0000000000002340                sceKernelClose
                0x0000000000002348                pthread_setaffinity_np
                0x0000000000002350                sceKernelGetProcessTime
                0x0000000000002358                setreuid
                0x0000000000002360                sceKernelAllocateDirectMemory
                0x0000000000002368                sceKernelUsleep
                0x0000000000002370                sceKernelAddUserEvent
                0x0000000000002378                pthread_self
                0x0000000000002380                sceKernelCreateEqueue
                0x0000000000002388                sceKernelOpen
                0x0000000000002390                setuid
                0x0000000000002398                sceKernelGetFsSandboxRandomWord
                0x00000000000023a0                sceKernelAddReadEvent
                0x00000000000023a8                sysctlbyname

.dynbss         0x00000000000023b0        0x0
 .dynbss        0x00000000000023b0        0x0 /tmp/ccgruK8T.o

/DISCARD/
 *(.comment)
 *(.note.GNU-stack)
 *(.eh_frame)
 *(.interp)
LOAD /opt/ps4sdk/libPS4/libPS4.a
OUTPUT(temp.t elf64-x86-64)
